Microchip MPLAB XC8 Compiler V1.36 ()

Linker command line:

--edf=/opt/microchip/xc8/v1.36/dat/en_msgs.txt -cs -h+pic18F4580.sym \
  --cmf=pic18F4580.cmf -z -Q18F4580 -o/tmp/xcX8jLLFt -Mpic18F4580.map \
  -ver=XC8 -ASTACK=060h-05ffh -pstack=STACK -ACODE=00h-03000h \
  -ACONST=00h-03000h -ASMALLCONST=0600h-06FFhx42,03000h-03000h \
  -AMEDIUMCONST=0600h-03000h -ACOMRAM=01h-05Fh -AABS1=00h-05FFh \
  -ABIGRAM=01h-05FFh -ARAM=060h-0FFh,0100h-01FFhx5 -ABANK0=060h-0FFh \
  -ABANK1=0100h-01FFh -ABANK2=0200h-02FFh -ABANK3=0300h-03FFh \
  -ABANK4=0400h-04FFh -ABANK5=0500h-05FFh \
  -ASFR=0D00h-0DFFhx2,0F00h-0F5Fh,0F60h-0FFFh \
  -preset_vec=00h,intcode,intcodelo,powerup,init,end_init -pramtop=0600h \
  -psmallconst=SMALLCONST -pmediumconst=MEDIUMCONST -pconst=CONST \
  -AFARRAM=00h-00h -ACONFIG=0300000h-030000Dh -pconfig=CONFIG \
  -AIDLOC=0200000h-0200007h -pidloc=IDLOC -AEEDATA=0F00000h-0F000FFh \
  -peeprom_data=EEDATA \
  -prdata=COMRAM,nvrram=COMRAM,nvbit=COMRAM,rbss=COMRAM,rbit=COMRAM \
  -pfarbss=FARRAM,fardata=FARRAM,nvFARRAM=FARRAM \
  -pintsave_regs=BIGRAM,bigbss=BIGRAM,bigdata=BIGRAM -pbss=RAM \
  -pidata=CODE,irdata=CODE,ibigdata=CODE,ifardata=CODE -prparam=COMRAM \
  startup.obj pic18F4580.obj 

Object code version is 3.11

Machine type is 18F4580

Call graph: (short form)




                Name                               Link     Load   Length Selector   Space Scale
startup.obj     end_init                              0        0        4        0       0
                config                           300000   300000        8   300000       0
pic18F4580.obj  text4                              2F6A     2F6A       16     17B5       0
                text3                              2F54     2F54        8     17AA       0
                text2                              2F5C     2F5C        E     17AE       0
                text1                              2FC4     2FC4       3C     17E2       0
                text0                              2F98     2F98       2C     17CC       0
                cstackCOMRAM                          1        1        4        1       1
                dataCOMRAM                            5        5        1        1       1
                cinit                              2F80     2F80       18     17C0       0
                idataCOMRAM                        3000     3000        1     17E2       0

TOTAL           Name                               Link     Load   Length     Space
        CLASS   STACK          

        CLASS   CODE           
                end_init                              0        0        4         0
                text4                              2F6A     2F6A       16         0
                text3                              2F54     2F54        8         0
                text2                              2F5C     2F5C        E         0
                text1                              2FC4     2FC4       3C         0
                text0                              2F98     2F98       2C         0
                cinit                              2F80     2F80       18         0
                idataCOMRAM                        3000     3000        1         0

        CLASS   CONST          

        CLASS   SMALLCONST     

        CLASS   MEDIUMCONST    

        CLASS   COMRAM         
                cstackCOMRAM                          1        1        4         1
                dataCOMRAM                            5        5        1         1

        CLASS   ABS1           

        CLASS   BIGRAM         

        CLASS   RAM            

        CLASS   BANK0          

        CLASS   BANK1          

        CLASS   BANK2          

        CLASS   BANK3          

        CLASS   BANK4          

        CLASS   BANK5          

        CLASS   SFR            

        CLASS   FARRAM         

        CLASS   CONFIG         
                config                           300000   300000        8         0

        CLASS   IDLOC          

        CLASS   EEDATA         



SEGMENTS        Name                           Load    Length   Top    Selector   Space  Class

                reset_vec                      000000  000004  000004         0       0  CODE    
                cstackCOMRAM                   000001  000005  000006         1       1  COMRAM  
                text3                          002F54  000008  002F5C      17AA       0  CODE    
                text2                          002F5C  00000E  002F6A      17AE       0  CODE    
                text4                          002F6A  000016  002F80      17B5       0  CODE    
                cinit                          002F80  000018  002F98      17C0       0  CODE    
                text0                          002F98  00002C  002FC4      17CC       0  CODE    
                text1                          002FC4  00003D  003001      17E2       0  CODE    
                config                         300000  000008  300008    300000       0  CONFIG  


UNUSED ADDRESS RANGES

        Name                Unused          Largest block    Delta
        BANK0            000060-0000FF               A0
        BANK1            000100-0001FF              100
        BANK2            000200-0002FF              100
        BANK3            000300-0003FF              100
        BANK4            000400-0004FF              100
        BANK5            000500-0005FF              100
        BIGRAM           000006-0005FF              5FA
        CODE             000004-002F53             2F50
        COMRAM           000006-00005F               5A
        CONFIG           300008-30000D                6
        CONST            000004-002F53             2F50
        EEDATA           F00000-F000FF              100
        IDLOC            200000-200007                8
        MEDIUMCONST      000600-002F53             2954
        RAM              000060-0005FF              100
        SFR              000D00-000FFF              100
        SMALLCONST       000600-002F53              100
        STACK            000060-0005FF              5A0

                                  Symbol Table

_ADCON1                            (abs)        000FC1
_PORTC                             (abs)        000F82
_RB0                               (abs)        007C08
_TRISB0                            (abs)        007C98
_TRISC                             (abs)        000F94
__CFG_BOREN$OFF                    (abs)        000000
__CFG_LVP$OFF                      (abs)        000000
__CFG_OSC$XT                       (abs)        000000
__CFG_PBADEN$OFF                   (abs)        000000
__CFG_WDT$OFF                      (abs)        000000
__HRAM                             (abs)        000000
__Habs1                            abs1         000000
__Hbank0                           bank0        000000
__Hbank1                           bank1        000000
__Hbank2                           bank2        000000
__Hbank3                           bank3        000000
__Hbank4                           bank4        000000
__Hbank5                           bank5        000000
__Hbigbss                          bigbss       000000
__Hbigdata                         bigdata      000000
__Hbigram                          bigram       000000
__Hbss                             bss          000000
__Hcinit                           cinit        000000
__Hclrtext                         clrtext      000000
__Hcomram                          comram       000000
__Hconfig                          config       300008
__Hconst                           const        000000
__HcstackCOMRAM                    cstackCOMRAM 000000
__Hdata                            data         000000
__HdataCOMRAM                      dataCOMRAM   000000
__Heeprom_data                     eeprom_data  000000
__Hend_init                        end_init     000004
__Hfarbss                          farbss       000000
__Hfardata                         fardata      000000
__Hibigdata                        ibigdata     000000
__Hidata                           idata        000000
__HidataCOMRAM                     idataCOMRAM  000000
__Hidloc                           idloc        000000
__Hifardata                        ifardata     000000
__Hinit                            init         000000
__Hintcode                         intcode      000000
__Hintcode_body                    intcode_body 000000
__Hintcodelo                       intcodelo    000000
__Hintentry                        intentry     000000
__Hintret                          intret       000000
__Hintsave_regs                    intsave_regs 000000
__Hirdata                          irdata       000000
__Hmediumconst                     mediumconst  000000
__HnvFARRAM                        nvFARRAM     000000
__Hnvbit                           nvbit        000000
__Hnvrram                          nvrram       000000
__Hparam                           rparam       000000
__Hpowerup                         powerup      000000
__Hram                             ram          000000
__Hramtop                          ramtop       000600
__Hrbit                            rbit         000000
__Hrbss                            rbss         000000
__Hrdata                           rdata        000000
__Hreset_vec                       reset_vec    000000
__Hrparam                          rparam       000000
__Hsfr                             sfr          000000
__Hsmallconst                      smallconst   000000
__Hspace_0                         (abs)        300008
__Hspace_1                         (abs)        000006
__Hspace_2                         (abs)        000000
__Hstack                           stack        000000
__Hstruct                          struct       000000
__Htemp                            temp         000000
__Htext                            text         000000
__Htext0                           text0        000000
__Htext1                           text1        000000
__Htext2                           text2        000000
__Htext3                           text3        000000
__Htext4                           text4        000000
__LRAM                             (abs)        000001
__Labs1                            abs1         000000
__Lbank0                           bank0        000000
__Lbank1                           bank1        000000
__Lbank2                           bank2        000000
__Lbank3                           bank3        000000
__Lbank4                           bank4        000000
__Lbank5                           bank5        000000
__Lbigbss                          bigbss       000000
__Lbigdata                         bigdata      000000
__Lbigram                          bigram       000000
__Lbss                             bss          000000
__Lcinit                           cinit        000000
__Lclrtext                         clrtext      000000
__Lcomram                          comram       000000
__Lconfig                          config       300000
__Lconst                           const        000000
__LcstackCOMRAM                    cstackCOMRAM 000000
__Ldata                            data         000000
__LdataCOMRAM                      dataCOMRAM   000000
__Leeprom_data                     eeprom_data  000000
__Lend_init                        end_init     000000
__Lfarbss                          farbss       000000
__Lfardata                         fardata      000000
__Libigdata                        ibigdata     000000
__Lidata                           idata        000000
__LidataCOMRAM                     idataCOMRAM  000000
__Lidloc                           idloc        000000
__Lifardata                        ifardata     000000
__Linit                            init         000000
__Lintcode                         intcode      000000
__Lintcode_body                    intcode_body 000000
__Lintcodelo                       intcodelo    000000
__Lintentry                        intentry     000000
__Lintret                          intret       000000
__Lintsave_regs                    intsave_regs 000000
__Lirdata                          irdata       000000
__Lmediumconst                     mediumconst  000000
__LnvFARRAM                        nvFARRAM     000000
__Lnvbit                           nvbit        000000
__Lnvrram                          nvrram       000000
__Lparam                           rparam       000000
__Lpowerup                         powerup      000000
__Lram                             ram          000000
__Lramtop                          ramtop       000600
__Lrbit                            rbit         000000
__Lrbss                            rbss         000000
__Lrdata                           rdata        000000
__Lreset_vec                       reset_vec    000000
__Lrparam                          rparam       000000
__Lsfr                             sfr          000000
__Lsmallconst                      smallconst   000000
__Lspace_0                         (abs)        000000
__Lspace_1                         (abs)        000000
__Lspace_2                         (abs)        000000
__Lstack                           stack        000000
__Lstruct                          struct       000000
__Ltemp                            temp         000000
__Ltext                            text         000000
__Ltext0                           text0        000000
__Ltext1                           text1        000000
__Ltext2                           text2        000000
__Ltext3                           text3        000000
__Ltext4                           text4        000000
__S0                               (abs)        300008
__S1                               (abs)        000006
__S2                               (abs)        000000
___inthi_sp                        stack        000000
___intlo_sp                        stack        000000
___param_bank                      (abs)        000010
___rparam_used                     (abs)        000001
___sp                              stack        000000
__accesstop                        (abs)        000060
__activetblptr                     (abs)        000000
__end_of__initialization           cinit        002F92
__end_of_glow_on_press             text4        002F80
__end_of_init_config               text2        002F6A
__end_of_init_digital_keypad       text3        002F5C
__end_of_main                      text0        002FC4
__end_of_read_digital_keypad       text1        003000
__initialization                   cinit        002F80
__mediumconst                      mediumconst  000000
__pcinit                           cinit        002F80
__pcstackCOMRAM                    cstackCOMRAM 000001
__pdataCOMRAM                      dataCOMRAM   000005
__pidataCOMRAM                     idataCOMRAM  003000
__ptext0                           text0        002F98
__ptext1                           text1        002FC4
__ptext2                           text2        002F5C
__ptext3                           text3        002F54
__ptext4                           text4        002F6A
__ramtop                           ramtop       000600
__size_of_glow_on_press            (abs)        000000
__size_of_init_config              (abs)        000000
__size_of_init_digital_keypad      (abs)        000000
__size_of_main                     (abs)        000000
__size_of_read_digital_keypad      (abs)        000000
__smallconst                       smallconst   000000
_glow_on_press                     text4        002F6A
_init_config                       text2        002F5C
_init_digital_keypad               text3        002F54
_main                              text0        002F98
_read_digital_keypad               text1        002FC4
end_of_initialization              cinit        002F92
glow_on_press@key                  cstackCOMRAM 000001
intlevel0                          text         000000
intlevel1                          text         000000
intlevel2                          text         000000
intlevel3                          text         000000
main@i                             cstackCOMRAM 000002
main@key                           cstackCOMRAM 000004
read_digital_keypad@detection_type cstackCOMRAM 000001
read_digital_keypad@once           dataCOMRAM   000005
stackhi                            (abs)        0005FF
stacklo                            (abs)        000060
start                              init         000000
start_initialization               cinit        002F80


FUNCTION INFORMATION:

 *************** function _main *****************
 Defined at:
		line 36 in file "main.c"
 Parameters:    Size  Location     Type
		None
 Auto vars:     Size  Location     Type
  i               2    1[COMRAM] int 
  key             1    3[COMRAM] unsigned char 
 Return value:  Size  Location     Type
                  1    wreg      void 
 Registers used:
		wreg, status,2, status,0, cstack
 Tracked objects:
		On entry : 
		On exit  : 
		Unchanged: 
 Data sizes:     COMRAM   BANK0   BANK1   BANK2   BANK3   BANK4   BANK5
      Params:         0       0       0       0       0       0       0
      Locals:         3       0       0       0       0       0       0
      Temps:          0       0       0       0       0       0       0
      Totals:         3       0       0       0       0       0       0
Total ram usage:        3 bytes
 Hardware stack levels required when called:    2
 This function calls:
		_glow_on_press
		_init_config
		_read_digital_keypad
 This function is called by:
		Startup code after reset
 This function uses a non-reentrant model


 *************** function _read_digital_keypad *****************
 Defined at:
		line 9 in file "digital_keypad.c"
 Parameters:    Size  Location     Type
  detection_ty    1    wreg     unsigned char 
 Auto vars:     Size  Location     Type
  detection_ty    1    0[COMRAM] unsigned char 
 Return value:  Size  Location     Type
                  1    wreg      unsigned char 
 Registers used:
		wreg, status,2, status,0
 Tracked objects:
		On entry : 
		On exit  : 
		Unchanged: 
 Data sizes:     COMRAM   BANK0   BANK1   BANK2   BANK3   BANK4   BANK5
      Params:         0       0       0       0       0       0       0
      Locals:         1       0       0       0       0       0       0
      Temps:          0       0       0       0       0       0       0
      Totals:         1       0       0       0       0       0       0
Total ram usage:        1 bytes
 Hardware stack levels used:    1
 This function calls:
		Nothing
 This function is called by:
		_main
 This function uses a non-reentrant model


 *************** function _init_config *****************
 Defined at:
		line 26 in file "main.c"
 Parameters:    Size  Location     Type
		None
 Auto vars:     Size  Location     Type
		None
 Return value:  Size  Location     Type
                  1    wreg      void 
 Registers used:
		wreg, status,2, status,0, cstack
 Tracked objects:
		On entry : 
		On exit  : 
		Unchanged: 
 Data sizes:     COMRAM   BANK0   BANK1   BANK2   BANK3   BANK4   BANK5
      Params:         0       0       0       0       0       0       0
      Locals:         0       0       0       0       0       0       0
      Temps:          0       0       0       0       0       0       0
      Totals:         0       0       0       0       0       0       0
Total ram usage:        0 bytes
 Hardware stack levels used:    1
 Hardware stack levels required when called:    1
 This function calls:
		_init_digital_keypad
 This function is called by:
		_main
 This function uses a non-reentrant model


 *************** function _init_digital_keypad *****************
 Defined at:
		line 4 in file "digital_keypad.c"
 Parameters:    Size  Location     Type
		None
 Auto vars:     Size  Location     Type
		None
 Return value:  Size  Location     Type
                  1    wreg      void 
 Registers used:
		wreg, status,2, status,0
 Tracked objects:
		On entry : 
		On exit  : 
		Unchanged: 
 Data sizes:     COMRAM   BANK0   BANK1   BANK2   BANK3   BANK4   BANK5
      Params:         0       0       0       0       0       0       0
      Locals:         0       0       0       0       0       0       0
      Temps:          0       0       0       0       0       0       0
      Totals:         0       0       0       0       0       0       0
Total ram usage:        0 bytes
 Hardware stack levels used:    1
 This function calls:
		Nothing
 This function is called by:
		_init_config
 This function uses a non-reentrant model


 *************** function _glow_on_press *****************
 Defined at:
		line 4 in file "main.c"
 Parameters:    Size  Location     Type
  key             1    wreg     unsigned char 
 Auto vars:     Size  Location     Type
  key             1    0[COMRAM] unsigned char 
 Return value:  Size  Location     Type
                  1    wreg      void 
 Registers used:
		wreg, status,2, status,0
 Tracked objects:
		On entry : 
		On exit  : 
		Unchanged: 
 Data sizes:     COMRAM   BANK0   BANK1   BANK2   BANK3   BANK4   BANK5
      Params:         0       0       0       0       0       0       0
      Locals:         1       0       0       0       0       0       0
      Temps:          0       0       0       0       0       0       0
      Totals:         1       0       0       0       0       0       0
Total ram usage:        1 bytes
 Hardware stack levels used:    1
 This function calls:
		Nothing
 This function is called by:
		_main
 This function uses a non-reentrant model



MODULE INFORMATION

Module		Function		Class		Link	Load	Size
digital_keypad.c
		_init_digital_keypad		CODE           	2F54	0000	9
		_read_digital_keypad		CODE           	2FC4	0000	61

digital_keypad.c estimated size: 70

shared
		__initialization		CODE           	2F80	0000	19

shared estimated size: 19

main.c
		_main          		CODE           	2F98	0000	45
		_init_config   		CODE           	2F5C	0000	15
		_glow_on_press 		CODE           	2F6A	0000	23

main.c estimated size: 83

