Microchip MPLAB XC8 Compiler V1.36 ()

Linker command line:

--edf=/opt/microchip/xc8/v1.36/dat/en_msgs.txt -cs -h+pic18F4580.sym \
  --cmf=pic18F4580.cmf -z -Q18F4580 -o/tmp/xcXTHQtLB -Mpic18F4580.map \
  -ver=XC8 -ASTACK=060h-05ffh -pstack=STACK -ACODE=00h-03000h \
  -ACONST=00h-03000h -ASMALLCONST=0600h-06FFhx42,03000h-03000h \
  -AMEDIUMCONST=0600h-03000h -ACOMRAM=01h-05Fh -AABS1=00h-05FFh \
  -ABIGRAM=01h-05FFh -ARAM=060h-0FFh,0100h-01FFhx5 -ABANK0=060h-0FFh \
  -ABANK1=0100h-01FFh -ABANK2=0200h-02FFh -ABANK3=0300h-03FFh \
  -ABANK4=0400h-04FFh -ABANK5=0500h-05FFh \
  -ASFR=0D00h-0DFFhx2,0F00h-0F5Fh,0F60h-0FFFh \
  -preset_vec=00h,intcode,intcodelo,powerup,init,end_init -pramtop=0600h \
  -psmallconst=SMALLCONST -pmediumconst=MEDIUMCONST -pconst=CONST \
  -AFARRAM=00h-00h -ACONFIG=0300000h-030000Dh -pconfig=CONFIG \
  -AIDLOC=0200000h-0200007h -pidloc=IDLOC -AEEDATA=0F00000h-0F000FFh \
  -peeprom_data=EEDATA \
  -prdata=COMRAM,nvrram=COMRAM,nvbit=COMRAM,rbss=COMRAM,rbit=COMRAM \
  -pfarbss=FARRAM,fardata=FARRAM,nvFARRAM=FARRAM \
  -pintsave_regs=BIGRAM,bigbss=BIGRAM,bigdata=BIGRAM -pbss=RAM \
  -pidata=CODE,irdata=CODE,ibigdata=CODE,ifardata=CODE -prparam=COMRAM \
  startup.obj pic18F4580.obj 

Object code version is 3.11

Machine type is 18F4580

Call graph: (short form)




                Name                               Link     Load   Length Selector   Space Scale
startup.obj     end_init                              0        0        4        0       0
                config                           300000   300000        8   300000       0
pic18F4580.obj  text9                              2C5E     2C5E       12     162F       0
                text8                              2F18     2F18       E8     178C       0
                text7                              2E42     2E42       D6     1721       0
                text6                              2D5A     2D5A       74     16AD       0
                text5                              2DCE     2DCE       74     16E7       0
                text4                              2CE4     2CE4       3A     1672       0
                text3                              2C4A     2C4A        8     1625       0
                text2                              2C70     2C70       14     1638       0
                text1                              2D1E     2D1E       3C     168F       0
                text0                              2C84     2C84       2E     1642       0
                cstackCOMRAM                         29       29        8        1       1
                dataCOMRAM                           1E       1E        B        1       1
                bssCOMRAM                             1        1       1D        1       1
                cinit                              2CB2     2CB2       32     1659       0
                idataCOMRAM                        2C53     2C53        B     2C53       0

TOTAL           Name                               Link     Load   Length     Space
        CLASS   STACK          

        CLASS   CODE           
                end_init                              0        0        4         0
                text9                              2C5E     2C5E       12         0
                text8                              2F18     2F18       E8         0
                text7                              2E42     2E42       D6         0
                text6                              2D5A     2D5A       74         0
                text5                              2DCE     2DCE       74         0
                text4                              2CE4     2CE4       3A         0
                text3                              2C4A     2C4A        8         0
                text2                              2C70     2C70       14         0
                text1                              2D1E     2D1E       3C         0
                text0                              2C84     2C84       2E         0
                cinit                              2CB2     2CB2       32         0
                idataCOMRAM                        2C53     2C53        B         0

        CLASS   CONST          

        CLASS   SMALLCONST     

        CLASS   MEDIUMCONST    

        CLASS   COMRAM         
                cstackCOMRAM                         29       29        8         1
                dataCOMRAM                           1E       1E        B         1
                bssCOMRAM                             1        1       1D         1

        CLASS   ABS1           

        CLASS   BIGRAM         

        CLASS   RAM            

        CLASS   BANK0          

        CLASS   BANK1          

        CLASS   BANK2          

        CLASS   BANK3          

        CLASS   BANK4          

        CLASS   BANK5          

        CLASS   SFR            

        CLASS   FARRAM         

        CLASS   CONFIG         
                config                           300000   300000        8         0

        CLASS   IDLOC          

        CLASS   EEDATA         



SEGMENTS        Name                           Load    Length   Top    Selector   Space  Class

                reset_vec                      000000  000004  000004         0       0  CODE    
                bssCOMRAM                      000001  000030  000031         1       1  COMRAM  
                text3                          002C4A  000008  002C52      1625       0  CODE    
                idataCOMRAM                    002C53  00000B  002C5E      2C53       0  CODE    
                text9                          002C5E  000012  002C70      162F       0  CODE    
                text2                          002C70  000014  002C84      1638       0  CODE    
                text0                          002C84  00002E  002CB2      1642       0  CODE    
                cinit                          002CB2  000032  002CE4      1659       0  CODE    
                text4                          002CE4  00003A  002D1E      1672       0  CODE    
                text1                          002D1E  00003C  002D5A      168F       0  CODE    
                text6                          002D5A  000074  002DCE      16AD       0  CODE    
                text5                          002DCE  000074  002E42      16E7       0  CODE    
                text7                          002E42  0000D6  002F18      1721       0  CODE    
                text8                          002F18  0000E8  003000      178C       0  CODE    
                config                         300000  000008  300008    300000       0  CONFIG  


UNUSED ADDRESS RANGES

        Name                Unused          Largest block    Delta
        BANK0            000060-0000FF               A0
        BANK1            000100-0001FF              100
        BANK2            000200-0002FF              100
        BANK3            000300-0003FF              100
        BANK4            000400-0004FF              100
        BANK5            000500-0005FF              100
        BIGRAM           000031-0005FF              5CF
        CODE             000004-002C49             2C46
                         002C52-002C52                1
                         003000-003000                1
        COMRAM           000031-00005F               2F
        CONFIG           300008-30000D                6
        CONST            000004-002C49             2C46
                         002C52-002C52                1
                         003000-003000                1
        EEDATA           F00000-F000FF              100
        IDLOC            200000-200007                8
        MEDIUMCONST      000600-002C49             264A
                         002C52-002C52                1
                         003000-003000                1
        RAM              000060-0005FF              100
        SFR              000D00-000FFF              100
        SMALLCONST       000600-002C49              100
                         002C52-002C52                1
                         003000-003000                1
        STACK            000060-0005FF              5A0

                                  Symbol Table

_ADCON1                            (abs)        000FC1
_LATB                              (abs)        000F8A
_PORTB                             (abs)        000F81
_PORTC                             (abs)        000F82
_TRISB                             (abs)        000F93
_TRISB0                            (abs)        007C98
_TRISC                             (abs)        000F94
__CFG_BOREN$OFF                    (abs)        000000
__CFG_LVP$OFF                      (abs)        000000
__CFG_OSC$XT                       (abs)        000000
__CFG_PBADEN$OFF                   (abs)        000000
__CFG_WDT$OFF                      (abs)        000000
__HRAM                             (abs)        000000
__Habs1                            abs1         000000
__Hbank0                           bank0        000000
__Hbank1                           bank1        000000
__Hbank2                           bank2        000000
__Hbank3                           bank3        000000
__Hbank4                           bank4        000000
__Hbank5                           bank5        000000
__Hbigbss                          bigbss       000000
__Hbigdata                         bigdata      000000
__Hbigram                          bigram       000000
__Hbss                             bss          000000
__HbssCOMRAM                       bssCOMRAM    000000
__Hcinit                           cinit        000000
__Hclrtext                         clrtext      000000
__Hcomram                          comram       000000
__Hconfig                          config       300008
__Hconst                           const        000000
__HcstackCOMRAM                    cstackCOMRAM 000000
__Hdata                            data         000000
__HdataCOMRAM                      dataCOMRAM   000000
__Heeprom_data                     eeprom_data  000000
__Hend_init                        end_init     000004
__Hfarbss                          farbss       000000
__Hfardata                         fardata      000000
__Hibigdata                        ibigdata     000000
__Hidata                           idata        000000
__HidataCOMRAM                     idataCOMRAM  000000
__Hidloc                           idloc        000000
__Hifardata                        ifardata     000000
__Hinit                            init         000000
__Hintcode                         intcode      000000
__Hintcode_body                    intcode_body 000000
__Hintcodelo                       intcodelo    000000
__Hintentry                        intentry     000000
__Hintret                          intret       000000
__Hintsave_regs                    intsave_regs 000000
__Hirdata                          irdata       000000
__Hmediumconst                     mediumconst  000000
__HnvFARRAM                        nvFARRAM     000000
__Hnvbit                           nvbit        000000
__Hnvrram                          nvrram       000000
__Hparam                           rparam       000000
__Hpowerup                         powerup      000000
__Hram                             ram          000000
__Hramtop                          ramtop       000600
__Hrbit                            rbit         000000
__Hrbss                            rbss         000000
__Hrdata                           rdata        000000
__Hreset_vec                       reset_vec    000000
__Hrparam                          rparam       000000
__Hsfr                             sfr          000000
__Hsmallconst                      smallconst   000000
__Hspace_0                         (abs)        300008
__Hspace_1                         (abs)        000031
__Hspace_2                         (abs)        000000
__Hstack                           stack        000000
__Hstruct                          struct       000000
__Htemp                            temp         000000
__Htext                            text         000000
__Htext0                           text0        000000
__Htext1                           text1        000000
__Htext2                           text2        000000
__Htext3                           text3        000000
__Htext4                           text4        000000
__Htext5                           text5        000000
__Htext6                           text6        000000
__Htext7                           text7        000000
__Htext8                           text8        000000
__Htext9                           text9        000000
__LRAM                             (abs)        000001
__Labs1                            abs1         000000
__Lbank0                           bank0        000000
__Lbank1                           bank1        000000
__Lbank2                           bank2        000000
__Lbank3                           bank3        000000
__Lbank4                           bank4        000000
__Lbank5                           bank5        000000
__Lbigbss                          bigbss       000000
__Lbigdata                         bigdata      000000
__Lbigram                          bigram       000000
__Lbss                             bss          000000
__LbssCOMRAM                       bssCOMRAM    000000
__Lcinit                           cinit        000000
__Lclrtext                         clrtext      000000
__Lcomram                          comram       000000
__Lconfig                          config       300000
__Lconst                           const        000000
__LcstackCOMRAM                    cstackCOMRAM 000000
__Ldata                            data         000000
__LdataCOMRAM                      dataCOMRAM   000000
__Leeprom_data                     eeprom_data  000000
__Lend_init                        end_init     000000
__Lfarbss                          farbss       000000
__Lfardata                         fardata      000000
__Libigdata                        ibigdata     000000
__Lidata                           idata        000000
__LidataCOMRAM                     idataCOMRAM  000000
__Lidloc                           idloc        000000
__Lifardata                        ifardata     000000
__Linit                            init         000000
__Lintcode                         intcode      000000
__Lintcode_body                    intcode_body 000000
__Lintcodelo                       intcodelo    000000
__Lintentry                        intentry     000000
__Lintret                          intret       000000
__Lintsave_regs                    intsave_regs 000000
__Lirdata                          irdata       000000
__Lmediumconst                     mediumconst  000000
__LnvFARRAM                        nvFARRAM     000000
__Lnvbit                           nvbit        000000
__Lnvrram                          nvrram       000000
__Lparam                           rparam       000000
__Lpowerup                         powerup      000000
__Lram                             ram          000000
__Lramtop                          ramtop       000600
__Lrbit                            rbit         000000
__Lrbss                            rbss         000000
__Lrdata                           rdata        000000
__Lreset_vec                       reset_vec    000000
__Lrparam                          rparam       000000
__Lsfr                             sfr          000000
__Lsmallconst                      smallconst   000000
__Lspace_0                         (abs)        000000
__Lspace_1                         (abs)        000000
__Lspace_2                         (abs)        000000
__Lstack                           stack        000000
__Lstruct                          struct       000000
__Ltemp                            temp         000000
__Ltext                            text         000000
__Ltext0                           text0        000000
__Ltext1                           text1        000000
__Ltext2                           text2        000000
__Ltext3                           text3        000000
__Ltext4                           text4        000000
__Ltext5                           text5        000000
__Ltext6                           text6        000000
__Ltext7                           text7        000000
__Ltext8                           text8        000000
__Ltext9                           text9        000000
__S0                               (abs)        300008
__S1                               (abs)        000031
__S2                               (abs)        000000
___inthi_sp                        stack        000000
___intlo_sp                        stack        000000
___param_bank                      (abs)        000010
___rparam_used                     (abs)        000001
___sp                              stack        000000
__accesstop                        (abs)        000060
__activetblptr                     (abs)        000000
__end_of__initialization           cinit        002CDE
__end_of_glow_on_press             text4        002D1E
__end_of_init_config               text9        002C70
__end_of_init_config1              text2        002C84
__end_of_init_digital_keypad       text3        002C52
__end_of_main                      text0        002CB2
__end_of_pattern1                  text8        003000
__end_of_pattern2                  text7        002F18
__end_of_pattern3                  text6        002DCE
__end_of_pattern4                  text5        002E42
__end_of_read_digital_keypad       text1        002D5A
__initialization                   cinit        002CB2
__mediumconst                      mediumconst  000000
__pbssCOMRAM                       bssCOMRAM    000001
__pcinit                           cinit        002CB2
__pcstackCOMRAM                    cstackCOMRAM 000029
__pdataCOMRAM                      dataCOMRAM   00001E
__pidataCOMRAM                     idataCOMRAM  002C53
__ptext0                           text0        002C84
__ptext1                           text1        002D1E
__ptext2                           text2        002C70
__ptext3                           text3        002C4A
__ptext4                           text4        002CE4
__ptext5                           text5        002DCE
__ptext6                           text6        002D5A
__ptext7                           text7        002E42
__ptext8                           text8        002F18
__ptext9                           text9        002C5E
__ramtop                           ramtop       000600
__size_of_glow_on_press            (abs)        000000
__size_of_init_config              (abs)        000000
__size_of_init_config1             (abs)        000000
__size_of_init_digital_keypad      (abs)        000000
__size_of_main                     (abs)        000000
__size_of_pattern1                 (abs)        000000
__size_of_pattern2                 (abs)        000000
__size_of_pattern3                 (abs)        000000
__size_of_pattern4                 (abs)        000000
__size_of_read_digital_keypad      (abs)        000000
__smallconst                       smallconst   000000
_glow_on_press                     text4        002CE4
_i                                 bssCOMRAM    000001
_init_config                       text9        002C5E
_init_config1                      text2        002C70
_init_digital_keypad               text3        002C4A
_main                              text0        002C84
_pattern1                          text8        002F18
_pattern2                          text7        002E42
_pattern3                          text6        002D5A
_pattern4                          text5        002DCE
_read_digital_keypad               text1        002D1E
end_of_initialization              cinit        002CDE
glow_on_press@key                  cstackCOMRAM 00002B
intlevel0                          text         000000
intlevel1                          text         000000
intlevel2                          text         000000
intlevel3                          text         000000
main@i                             cstackCOMRAM 00002C
main@j                             cstackCOMRAM 00002E
main@key                           cstackCOMRAM 000030
main@keyClone                      bssCOMRAM    00001D
pattern1@j                         bssCOMRAM    000003
pattern1@mask                      bssCOMRAM    000005
pattern1@mask1                     dataCOMRAM   00001E
pattern1@mask2                     dataCOMRAM   000020
pattern1@mask3                     bssCOMRAM    000007
pattern1@r                         bssCOMRAM    000009
pattern1@s                         bssCOMRAM    00000B
pattern2@j                         bssCOMRAM    00000D
pattern2@mask                      dataCOMRAM   000022
pattern2@mask1                     dataCOMRAM   000024
pattern2@mask2                     dataCOMRAM   000026
pattern2@mask3                     bssCOMRAM    00000F
pattern2@q                         bssCOMRAM    000011
pattern2@w                         bssCOMRAM    000013
pattern3@i                         bssCOMRAM    000015
pattern3@j                         bssCOMRAM    000017
pattern4@k                         bssCOMRAM    000019
pattern4@l                         bssCOMRAM    00001B
read_digital_keypad@detection_type cstackCOMRAM 000029
read_digital_keypad@once           dataCOMRAM   000028
stackhi                            (abs)        0005FF
stacklo                            (abs)        000060
start                              init         000000
start_initialization               cinit        002CB2


FUNCTION INFORMATION:

 *************** function _main *****************
 Defined at:
		line 36 in file "main.c"
 Parameters:    Size  Location     Type
		None
 Auto vars:     Size  Location     Type
  j               2    5[COMRAM] int 
  i               2    3[COMRAM] int 
  key             1    7[COMRAM] unsigned char 
 Return value:  Size  Location     Type
                  1    wreg      void 
 Registers used:
		wreg, status,2, status,0, cstack
 Tracked objects:
		On entry : 
		On exit  : 
		Unchanged: 
 Data sizes:     COMRAM   BANK0   BANK1   BANK2   BANK3   BANK4   BANK5
      Params:         0       0       0       0       0       0       0
      Locals:         5       0       0       0       0       0       0
      Temps:          0       0       0       0       0       0       0
      Totals:         5       0       0       0       0       0       0
Total ram usage:        5 bytes
 Hardware stack levels required when called:    3
 This function calls:
		_glow_on_press
		_init_config1
		_read_digital_keypad
 This function is called by:
		Startup code after reset
 This function uses a non-reentrant model


 *************** function _read_digital_keypad *****************
 Defined at:
		line 9 in file "digital_keypad.c"
 Parameters:    Size  Location     Type
  detection_ty    1    wreg     unsigned char 
 Auto vars:     Size  Location     Type
  detection_ty    1    0[COMRAM] unsigned char 
 Return value:  Size  Location     Type
                  1    wreg      unsigned char 
 Registers used:
		wreg, status,2, status,0
 Tracked objects:
		On entry : 
		On exit  : 
		Unchanged: 
 Data sizes:     COMRAM   BANK0   BANK1   BANK2   BANK3   BANK4   BANK5
      Params:         0       0       0       0       0       0       0
      Locals:         1       0       0       0       0       0       0
      Temps:          0       0       0       0       0       0       0
      Totals:         1       0       0       0       0       0       0
Total ram usage:        1 bytes
 Hardware stack levels used:    1
 This function calls:
		Nothing
 This function is called by:
		_main
 This function uses a non-reentrant model


 *************** function _init_config1 *****************
 Defined at:
		line 26 in file "main.c"
 Parameters:    Size  Location     Type
		None
 Auto vars:     Size  Location     Type
		None
 Return value:  Size  Location     Type
                  1    wreg      void 
 Registers used:
		wreg, status,2, status,0, cstack
 Tracked objects:
		On entry : 
		On exit  : 
		Unchanged: 
 Data sizes:     COMRAM   BANK0   BANK1   BANK2   BANK3   BANK4   BANK5
      Params:         0       0       0       0       0       0       0
      Locals:         0       0       0       0       0       0       0
      Temps:          0       0       0       0       0       0       0
      Totals:         0       0       0       0       0       0       0
Total ram usage:        0 bytes
 Hardware stack levels used:    1
 Hardware stack levels required when called:    1
 This function calls:
		_init_config
		_init_digital_keypad
 This function is called by:
		_main
 This function uses a non-reentrant model


 *************** function _init_digital_keypad *****************
 Defined at:
		line 4 in file "digital_keypad.c"
 Parameters:    Size  Location     Type
		None
 Auto vars:     Size  Location     Type
		None
 Return value:  Size  Location     Type
                  1    wreg      void 
 Registers used:
		wreg, status,2, status,0
 Tracked objects:
		On entry : 
		On exit  : 
		Unchanged: 
 Data sizes:     COMRAM   BANK0   BANK1   BANK2   BANK3   BANK4   BANK5
      Params:         0       0       0       0       0       0       0
      Locals:         0       0       0       0       0       0       0
      Temps:          0       0       0       0       0       0       0
      Totals:         0       0       0       0       0       0       0
Total ram usage:        0 bytes
 Hardware stack levels used:    1
 This function calls:
		Nothing
 This function is called by:
		_init_config1
 This function uses a non-reentrant model


 *************** function _glow_on_press *****************
 Defined at:
		line 4 in file "gloww.c"
 Parameters:    Size  Location     Type
  key             1    wreg     unsigned char 
 Auto vars:     Size  Location     Type
  key             1    2[COMRAM] unsigned char 
 Return value:  Size  Location     Type
                  1    wreg      void 
 Registers used:
		wreg, status,2, status,0, cstack
 Tracked objects:
		On entry : 
		On exit  : 
		Unchanged: 
 Data sizes:     COMRAM   BANK0   BANK1   BANK2   BANK3   BANK4   BANK5
      Params:         0       0       0       0       0       0       0
      Locals:         1       0       0       0       0       0       0
      Temps:          0       0       0       0       0       0       0
      Totals:         1       0       0       0       0       0       0
Total ram usage:        1 bytes
 Hardware stack levels used:    1
 Hardware stack levels required when called:    2
 This function calls:
		_pattern1
		_pattern2
		_pattern3
		_pattern4
 This function is called by:
		_main
 This function uses a non-reentrant model


 *************** function _pattern4 *****************
 Defined at:
		line 4 in file "pattern4.c"
 Parameters:    Size  Location     Type
		None
 Auto vars:     Size  Location     Type
		None
 Return value:  Size  Location     Type
                  1    wreg      void 
 Registers used:
		wreg, status,2, status,0
 Tracked objects:
		On entry : 
		On exit  : 
		Unchanged: 
 Data sizes:     COMRAM   BANK0   BANK1   BANK2   BANK3   BANK4   BANK5
      Params:         0       0       0       0       0       0       0
      Locals:         0       0       0       0       0       0       0
      Temps:          2       0       0       0       0       0       0
      Totals:         2       0       0       0       0       0       0
Total ram usage:        2 bytes
 Hardware stack levels used:    1
 This function calls:
		Nothing
 This function is called by:
		_glow_on_press
 This function uses a non-reentrant model


 *************** function _pattern3 *****************
 Defined at:
		line 5 in file "pattern3.c"
 Parameters:    Size  Location     Type
		None
 Auto vars:     Size  Location     Type
		None
 Return value:  Size  Location     Type
                  1    wreg      void 
 Registers used:
		wreg, status,2, status,0
 Tracked objects:
		On entry : 
		On exit  : 
		Unchanged: 
 Data sizes:     COMRAM   BANK0   BANK1   BANK2   BANK3   BANK4   BANK5
      Params:         0       0       0       0       0       0       0
      Locals:         0       0       0       0       0       0       0
      Temps:          2       0       0       0       0       0       0
      Totals:         2       0       0       0       0       0       0
Total ram usage:        2 bytes
 Hardware stack levels used:    1
 This function calls:
		Nothing
 This function is called by:
		_glow_on_press
 This function uses a non-reentrant model


 *************** function _pattern2 *****************
 Defined at:
		line 4 in file "pattern2.c"
 Parameters:    Size  Location     Type
		None
 Auto vars:     Size  Location     Type
		None
 Return value:  Size  Location     Type
                  1    wreg      void 
 Registers used:
		wreg, status,2, status,0, cstack
 Tracked objects:
		On entry : 
		On exit  : 
		Unchanged: 
 Data sizes:     COMRAM   BANK0   BANK1   BANK2   BANK3   BANK4   BANK5
      Params:         0       0       0       0       0       0       0
      Locals:         0       0       0       0       0       0       0
      Temps:          0       0       0       0       0       0       0
      Totals:         0       0       0       0       0       0       0
Total ram usage:        0 bytes
 Hardware stack levels used:    1
 Hardware stack levels required when called:    1
 This function calls:
		_init_config
 This function is called by:
		_glow_on_press
 This function uses a non-reentrant model


 *************** function _pattern1 *****************
 Defined at:
		line 14 in file "pattern1.c"
 Parameters:    Size  Location     Type
		None
 Auto vars:     Size  Location     Type
		None
 Return value:  Size  Location     Type
                  1    wreg      void 
 Registers used:
		wreg, status,2, status,0, cstack
 Tracked objects:
		On entry : 
		On exit  : 
		Unchanged: 
 Data sizes:     COMRAM   BANK0   BANK1   BANK2   BANK3   BANK4   BANK5
      Params:         0       0       0       0       0       0       0
      Locals:         0       0       0       0       0       0       0
      Temps:          2       0       0       0       0       0       0
      Totals:         2       0       0       0       0       0       0
Total ram usage:        2 bytes
 Hardware stack levels used:    1
 Hardware stack levels required when called:    1
 This function calls:
		_init_config
 This function is called by:
		_glow_on_press
 This function uses a non-reentrant model


 *************** function _init_config *****************
 Defined at:
		line 2 in file "pattern1.c"
 Parameters:    Size  Location     Type
		None
 Auto vars:     Size  Location     Type
		None
 Return value:  Size  Location     Type
                  1    wreg      void 
 Registers used:
		wreg, status,2
 Tracked objects:
		On entry : 
		On exit  : 
		Unchanged: 
 Data sizes:     COMRAM   BANK0   BANK1   BANK2   BANK3   BANK4   BANK5
      Params:         0       0       0       0       0       0       0
      Locals:         0       0       0       0       0       0       0
      Temps:          0       0       0       0       0       0       0
      Totals:         0       0       0       0       0       0       0
Total ram usage:        0 bytes
 Hardware stack levels used:    1
 This function calls:
		Nothing
 This function is called by:
		_pattern1
		_pattern2
		_init_config1
 This function uses a non-reentrant model



MODULE INFORMATION

Module		Function		Class		Link	Load	Size
digital_keypad.c
		_init_digital_keypad		CODE           	2C4A	0000	9
		_read_digital_keypad		CODE           	2D1E	0000	61

digital_keypad.c estimated size: 70

pattern3.c
		_pattern3      		CODE           	2D5A	0000	117

pattern3.c estimated size: 117

gloww.c
		_glow_on_press 		CODE           	2CE4	0000	59

gloww.c estimated size: 59

pattern1.c
		_pattern1      		CODE           	2F18	0000	233
		_init_config   		CODE           	2C5E	0000	19

pattern1.c estimated size: 252

shared
		__initialization		CODE           	2CB2	0000	45

shared estimated size: 45

pattern4.c
		_pattern4      		CODE           	2DCE	0000	117

pattern4.c estimated size: 117

pattern2.c
		_pattern2      		CODE           	2E42	0000	215

pattern2.c estimated size: 215

main.c
		_main          		CODE           	2C84	0000	47
		_init_config1  		CODE           	2C70	0000	21

main.c estimated size: 68

