Microchip MPLAB XC8 Compiler V1.36 ()

Linker command line:

--edf=/opt/microchip/xc8/v1.36/dat/en_msgs.txt -cs -h+pic18F4580.sym \
  --cmf=pic18F4580.cmf -z -Q18F4580 -o/tmp/xcX1EDNxF -Mpic18F4580.map \
  -ver=XC8 -ASTACK=060h-05ffh -pstack=STACK -ACODE=00h-03000h \
  -ACONST=00h-03000h -ASMALLCONST=0600h-06FFhx42,03000h-03000h \
  -AMEDIUMCONST=0600h-03000h -ACOMRAM=01h-05Fh -AABS1=00h-05FFh \
  -ABIGRAM=01h-05FFh -ARAM=060h-0FFh,0100h-01FFhx5 -ABANK0=060h-0FFh \
  -ABANK1=0100h-01FFh -ABANK2=0200h-02FFh -ABANK3=0300h-03FFh \
  -ABANK4=0400h-04FFh -ABANK5=0500h-05FFh \
  -ASFR=0D00h-0DFFhx2,0F00h-0F5Fh,0F60h-0FFFh \
  -preset_vec=00h,intcode=08h,intcodelo,powerup,init,end_init \
  -pramtop=0600h -psmallconst=SMALLCONST -pmediumconst=MEDIUMCONST \
  -pconst=CONST -AFARRAM=00h-00h -ACONFIG=0300000h-030000Dh -pconfig=CONFIG \
  -AIDLOC=0200000h-0200007h -pidloc=IDLOC -AEEDATA=0F00000h-0F000FFh \
  -peeprom_data=EEDATA \
  -prdata=COMRAM,nvrram=COMRAM,nvbit=COMRAM,rbss=COMRAM,rbit=COMRAM \
  -pfarbss=FARRAM,fardata=FARRAM,nvFARRAM=FARRAM \
  -pintsave_regs=BIGRAM,bigbss=BIGRAM,bigdata=BIGRAM -pbss=RAM \
  -pidata=CODE,irdata=CODE,ibigdata=CODE,ifardata=CODE -prparam=COMRAM \
  startup.obj pic18F4580.obj 

Object code version is 3.11

Machine type is 18F4580

Call graph: (short form)




                Name                               Link     Load   Length Selector   Space Scale
startup.obj     end_init                             16       16        4        4       0
                reset_vec                             0        0        4        0       0
                config                           300000   300000        8   300000       0
pic18F4580.obj  intcode                               8        8        E        4       0
                temp                                 12       12        1        1       1
                intcode_body                         1A       1A       76        4       0
                text2                                DA       DA        8        4       0
                text1                                BE       BE       10        4       0
                text0                                90       90       2E        4       0
                cstackCOMRAM                          1        1       10        1       1
                bitbssCOMRAM                         88       11        1        1       1     8
                cinit                                CE       CE        C        4       0

TOTAL           Name                               Link     Load   Length     Space
        CLASS   STACK          

        CLASS   CODE           
                end_init                             16       16        4         0
                intcode                               8        8        E         0
                reset_vec                             0        0        4         0
                intcode_body                         1A       1A       76         0
                text2                                DA       DA        8         0
                text1                                BE       BE       10         0
                text0                                90       90       2E         0
                cinit                                CE       CE        C         0

        CLASS   CONST          

        CLASS   SMALLCONST     

        CLASS   MEDIUMCONST    

        CLASS   COMRAM         
                temp                                 12       12        1         1
                cstackCOMRAM                          1        1       10         1
                bitbssCOMRAM                         88       11        1         1

        CLASS   ABS1           

        CLASS   BIGRAM         

        CLASS   RAM            

        CLASS   BANK0          

        CLASS   BANK1          

        CLASS   BANK2          

        CLASS   BANK3          

        CLASS   BANK4          

        CLASS   BANK5          

        CLASS   SFR            

        CLASS   FARRAM         

        CLASS   CONFIG         
                config                           300000   300000        8         0

        CLASS   IDLOC          

        CLASS   EEDATA         



SEGMENTS        Name                           Load    Length   Top    Selector   Space  Class

                reset_vec                      000000  000004  000004         0       0  CODE    
                cstackCOMRAM                   000001  000012  000013         1       1  COMRAM  
                intcode                        000008  0000DA  0000E2         4       0  CODE    
                config                         300000  000008  300008    300000       0  CONFIG  


UNUSED ADDRESS RANGES

        Name                Unused          Largest block    Delta
        BANK0            000060-0000FF               A0
        BANK1            000100-0001FF              100
        BANK2            000200-0002FF              100
        BANK3            000300-0003FF              100
        BANK4            000400-0004FF              100
        BANK5            000500-0005FF              100
        BIGRAM           000013-0005FF              5ED
        CODE             000004-000007                4
                         0000E2-003000             2F1F
        COMRAM           000013-00005F               4D
        CONFIG           300008-30000D                6
        CONST            000004-000007                4
                         0000E2-003000             2F1F
        EEDATA           F00000-F000FF              100
        IDLOC            200000-200007                8
        MEDIUMCONST      000600-003000             2A01
        RAM              000060-0005FF              100
        SFR              000D00-000FFF              100
        SMALLCONST       000600-003000              100
        STACK            000060-0005FF              5A0

                                  Symbol Table

_ADCON1                           (abs)        000FC1
_GIE                              (abs)        007F97
_INT0E                            (abs)        007F94
_INT0F                            (abs)        007F91
_INTEDG0                          (abs)        007F8E
_RB7                              (abs)        007C0F
_RC0                              (abs)        007C10
_TRISB0                           (abs)        007C98
_TRISB7                           (abs)        007C9F
__CFG_BOREN$OFF                   (abs)        000000
__CFG_LVP$OFF                     (abs)        000000
__CFG_OSC$XT                      (abs)        000000
__CFG_PBADEN$OFF                  (abs)        000000
__CFG_WDT$OFF                     (abs)        000000
__HRAM                            (abs)        000000
__Habs1                           abs1         000000
__Hbank0                          bank0        000000
__Hbank1                          bank1        000000
__Hbank2                          bank2        000000
__Hbank3                          bank3        000000
__Hbank4                          bank4        000000
__Hbank5                          bank5        000000
__Hbigbss                         bigbss       000000
__Hbigdata                        bigdata      000000
__Hbigram                         bigram       000000
__HbitbssCOMRAM                   bitbssCOMRAM 000000
__Hbss                            bss          000000
__Hcinit                          cinit        000000
__Hclrtext                        clrtext      000000
__Hcomram                         comram       000000
__Hconfig                         config       300008
__Hconst                          const        000000
__HcstackCOMRAM                   cstackCOMRAM 000000
__Hdata                           data         000000
__Heeprom_data                    eeprom_data  000000
__Hend_init                       end_init     00001A
__Hfarbss                         farbss       000000
__Hfardata                        fardata      000000
__Hibigdata                       ibigdata     000000
__Hidata                          idata        000000
__Hidloc                          idloc        000000
__Hifardata                       ifardata     000000
__Hinit                           init         000016
__Hintcode                        intcode      000016
__Hintcode_body                   intcode_body 000000
__Hintcodelo                      intcodelo    000016
__Hintentry                       intentry     000000
__Hintret                         intret       000000
__Hintsave_regs                   intsave_regs 000000
__Hirdata                         irdata       000000
__Hmediumconst                    mediumconst  000000
__HnvFARRAM                       nvFARRAM     000000
__Hnvbit                          nvbit        000000
__Hnvrram                         nvrram       000000
__Hparam                          rparam       000000
__Hpowerup                        powerup      000016
__Hram                            ram          000000
__Hramtop                         ramtop       000600
__Hrbit                           rbit         000000
__Hrbss                           rbss         000000
__Hrdata                          rdata        000000
__Hreset_vec                      reset_vec    000004
__Hrparam                         rparam       000000
__Hsfr                            sfr          000000
__Hsmallconst                     smallconst   000000
__Hspace_0                        (abs)        300008
__Hspace_1                        (abs)        000089
__Hspace_2                        (abs)        000000
__Hstack                          stack        000000
__Hstruct                         struct       000000
__Htemp                           temp         000013
__Htext                           text         000000
__Htext0                          text0        000000
__Htext1                          text1        000000
__Htext2                          text2        000000
__LRAM                            (abs)        000001
__Labs1                           abs1         000000
__Lbank0                          bank0        000000
__Lbank1                          bank1        000000
__Lbank2                          bank2        000000
__Lbank3                          bank3        000000
__Lbank4                          bank4        000000
__Lbank5                          bank5        000000
__Lbigbss                         bigbss       000000
__Lbigdata                        bigdata      000000
__Lbigram                         bigram       000000
__LbitbssCOMRAM                   bitbssCOMRAM 000000
__Lbss                            bss          000000
__Lcinit                          cinit        000000
__Lclrtext                        clrtext      000000
__Lcomram                         comram       000000
__Lconfig                         config       300000
__Lconst                          const        000000
__LcstackCOMRAM                   cstackCOMRAM 000000
__Ldata                           data         000000
__Leeprom_data                    eeprom_data  000000
__Lend_init                       end_init     000016
__Lfarbss                         farbss       000000
__Lfardata                        fardata      000000
__Libigdata                       ibigdata     000000
__Lidata                          idata        000000
__Lidloc                          idloc        000000
__Lifardata                       ifardata     000000
__Linit                           init         000016
__Lintcode                        intcode      000008
__Lintcode_body                   intcode_body 000000
__Lintcodelo                      intcodelo    000016
__Lintentry                       intentry     000000
__Lintret                         intret       000000
__Lintsave_regs                   intsave_regs 000000
__Lirdata                         irdata       000000
__Lmediumconst                    mediumconst  000000
__LnvFARRAM                       nvFARRAM     000000
__Lnvbit                          nvbit        000000
__Lnvrram                         nvrram       000000
__Lparam                          rparam       000000
__Lpowerup                        powerup      000016
__Lram                            ram          000000
__Lramtop                         ramtop       000600
__Lrbit                           rbit         000000
__Lrbss                           rbss         000000
__Lrdata                          rdata        000000
__Lreset_vec                      reset_vec    000000
__Lrparam                         rparam       000000
__Lsfr                            sfr          000000
__Lsmallconst                     smallconst   000000
__Lspace_0                        (abs)        000000
__Lspace_1                        (abs)        000000
__Lspace_2                        (abs)        000000
__Lstack                          stack        000000
__Lstruct                         struct       000000
__Ltemp                           temp         000012
__Ltext                           text         000000
__Ltext0                          text0        000000
__Ltext1                          text1        000000
__Ltext2                          text2        000000
__S0                              (abs)        300008
__S1                              (abs)        000013
__S2                              (abs)        000000
___inthi_sp                       stack        000000
___intlo_sp                       stack        000000
___param_bank                     (abs)        000010
___rparam_used                    (abs)        000001
___sp                             stack        000000
__accesstop                       (abs)        000060
__activetblptr                    (abs)        000000
__end_of__initialization          cinit        0000D0
__end_of_init_config              text1        0000CE
__end_of_init_external_interrupt  text2        0000E2
__end_of_isr                      intcode_body 000090
__end_of_main                     text0        0000BE
__initialization                  cinit        0000CE
__mediumconst                     mediumconst  000000
__pbitbssCOMRAM                   bitbssCOMRAM 000088
__pcinit                          cinit        0000CE
__pcstackCOMRAM                   cstackCOMRAM 000001
__pintcode                        intcode      000008
__pintcode_body                   intcode_body 00001A
__ptext0                          text0        000090
__ptext1                          text1        0000BE
__ptext2                          text2        0000DA
__ramtop                          ramtop       000600
__size_of_init_config             (abs)        000000
__size_of_init_external_interrupt (abs)        000000
__size_of_isr                     (abs)        000000
__size_of_main                    (abs)        000000
__smallconst                      smallconst   000000
_init_config                      text1        0000BE
_init_external_interrupt          text2        0000DA
_isr                              intcode      000008
_key_detected                     bitbssCOMRAM 000088
_main                             text0        000090
btemp                             temp         000012
end_of_initialization             cinit        0000D0
int$flags                         temp         000012
int_func                          intcode_body 00001A
intlevel0                         text         000000
intlevel1                         text         000000
intlevel2                         text         000000
intlevel3                         text         000000
main@wait                         cstackCOMRAM 00000F
stackhi                           (abs)        0005FF
stacklo                           (abs)        000060
start                             init         000016
start_initialization              cinit        0000CE


FUNCTION INFORMATION:

 *************** function _main *****************
 Defined at:
		line 19 in file "main.c"
 Parameters:    Size  Location     Type
		None
 Auto vars:     Size  Location     Type
  wait            2   14[COMRAM] unsigned short 
 Return value:  Size  Location     Type
                  1    wreg      void 
 Registers used:
		wreg, status,2, status,0, cstack
 Tracked objects:
		On entry : 
		On exit  : 
		Unchanged: 
 Data sizes:     COMRAM   BANK0   BANK1   BANK2   BANK3   BANK4   BANK5
      Params:         0       0       0       0       0       0       0
      Locals:         2       0       0       0       0       0       0
      Temps:          0       0       0       0       0       0       0
      Totals:         2       0       0       0       0       0       0
Total ram usage:        2 bytes
 Hardware stack levels required when called:    3
 This function calls:
		_init_config
 This function is called by:
		Startup code after reset
 This function uses a non-reentrant model


 *************** function _init_config *****************
 Defined at:
		line 7 in file "main.c"
 Parameters:    Size  Location     Type
		None
 Auto vars:     Size  Location     Type
		None
 Return value:  Size  Location     Type
                  1    wreg      void 
 Registers used:
		wreg, status,2, cstack
 Tracked objects:
		On entry : 
		On exit  : 
		Unchanged: 
 Data sizes:     COMRAM   BANK0   BANK1   BANK2   BANK3   BANK4   BANK5
      Params:         0       0       0       0       0       0       0
      Locals:         0       0       0       0       0       0       0
      Temps:          0       0       0       0       0       0       0
      Totals:         0       0       0       0       0       0       0
Total ram usage:        0 bytes
 Hardware stack levels used:    1
 Hardware stack levels required when called:    2
 This function calls:
		_init_external_interrupt
 This function is called by:
		_main
 This function uses a non-reentrant model


 *************** function _init_external_interrupt *****************
 Defined at:
		line 4 in file "external_interrupt.c"
 Parameters:    Size  Location     Type
		None
 Auto vars:     Size  Location     Type
		None
 Return value:  Size  Location     Type
                  1    wreg      void 
 Registers used:
		None
 Tracked objects:
		On entry : 
		On exit  : 
		Unchanged: 
 Data sizes:     COMRAM   BANK0   BANK1   BANK2   BANK3   BANK4   BANK5
      Params:         0       0       0       0       0       0       0
      Locals:         0       0       0       0       0       0       0
      Temps:          0       0       0       0       0       0       0
      Totals:         0       0       0       0       0       0       0
Total ram usage:        0 bytes
 Hardware stack levels used:    1
 Hardware stack levels required when called:    1
 This function calls:
		Nothing
 This function is called by:
		_init_config
 This function uses a non-reentrant model


 *************** function _isr *****************
 Defined at:
		line 6 in file "isr.c"
 Parameters:    Size  Location     Type
		None
 Auto vars:     Size  Location     Type
		None
 Return value:  Size  Location     Type
                  1    wreg      void 
 Registers used:
		None
 Tracked objects:
		On entry : 
		On exit  : 
		Unchanged: 
 Data sizes:     COMRAM   BANK0   BANK1   BANK2   BANK3   BANK4   BANK5
      Params:         0       0       0       0       0       0       0
      Locals:         0       0       0       0       0       0       0
      Temps:         14       0       0       0       0       0       0
      Totals:        14       0       0       0       0       0       0
Total ram usage:       14 bytes
 Hardware stack levels used:    1
 This function calls:
		Nothing
 This function is called by:
		Interrupt level 2
 This function uses a non-reentrant model



MODULE INFORMATION

Module		Function		Class		Link	Load	Size
external_interrupt.c
		_init_external_interrupt		CODE           	00DA	0000	9

external_interrupt.c estimated size: 9

isr.c
		_isr           		CODE           	0008	0000	133

isr.c estimated size: 133

shared
		__initialization		CODE           	00CE	0000	3

shared estimated size: 3

main.c
		_main          		CODE           	0090	0000	47
		_init_config   		CODE           	00BE	0000	17

main.c estimated size: 64

